// Jest Snapshot v1, https://goo.gl/fbAQLP

exports[`<Uploader /> Comparar snapshot 1`] = `
ShallowWrapper {
  "length": 1,
  Symbol(enzyme.__root__): [Circular],
  Symbol(enzyme.__unrendered__): <Uploader
    upload={
        Object {
            "status": "",
          }
    }
/>,
  Symbol(enzyme.__renderer__): Object {
    "batchedUpdates": [Function],
    "getNode": [Function],
    "render": [Function],
    "simulateEvent": [Function],
    "unmount": [Function],
  },
  Symbol(enzyme.__node__): Object {
    "instance": null,
    "key": undefined,
    "nodeType": "function",
    "props": Object {
      "children": Array [
        <button
          className="uploader--form__button"
          onClick={[Function]}
          type="submit"
>
          Enviar vídeo
</button>,
        <div
          className="uploader--form--mask__hide"
          onClick={[Function]}
/>,
        false,
      ],
    },
    "ref": null,
    "rendered": Array [
      Object {
        "instance": null,
        "key": undefined,
        "nodeType": "host",
        "props": Object {
          "children": "Enviar vídeo",
          "className": "uploader--form__button",
          "onClick": [Function],
          "type": "submit",
        },
        "ref": null,
        "rendered": "Enviar vídeo",
        "type": "button",
      },
      Object {
        "instance": null,
        "key": undefined,
        "nodeType": "host",
        "props": Object {
          "className": "uploader--form--mask__hide",
          "onClick": [Function],
        },
        "ref": null,
        "rendered": null,
        "type": "div",
      },
      false,
    ],
    "type": Symbol(react.fragment),
  },
  Symbol(enzyme.__nodes__): Array [
    Object {
      "instance": null,
      "key": undefined,
      "nodeType": "function",
      "props": Object {
        "children": Array [
          <button
            className="uploader--form__button"
            onClick={[Function]}
            type="submit"
>
            Enviar vídeo
</button>,
          <div
            className="uploader--form--mask__hide"
            onClick={[Function]}
/>,
          false,
        ],
      },
      "ref": null,
      "rendered": Array [
        Object {
          "instance": null,
          "key": undefined,
          "nodeType": "host",
          "props": Object {
            "children": "Enviar vídeo",
            "className": "uploader--form__button",
            "onClick": [Function],
            "type": "submit",
          },
          "ref": null,
          "rendered": "Enviar vídeo",
          "type": "button",
        },
        Object {
          "instance": null,
          "key": undefined,
          "nodeType": "host",
          "props": Object {
            "className": "uploader--form--mask__hide",
            "onClick": [Function],
          },
          "ref": null,
          "rendered": null,
          "type": "div",
        },
        false,
      ],
      "type": Symbol(react.fragment),
    },
  ],
  Symbol(enzyme.__options__): Object {
    "adapter": ReactSixteenAdapter {
      "options": Object {
        "enableComponentDidUpdateOnSetState": true,
      },
    },
  },
}
`;
