// Jest Snapshot v1, https://goo.gl/fbAQLP

exports[`<VideoPlayer /> Comparar snapshot 1`] = `
ShallowWrapper {
  "length": 1,
  Symbol(enzyme.__root__): [Circular],
  Symbol(enzyme.__unrendered__): <VideoPlayer
    loadVideo={[Function]}
    match={
        Object {
            "params": Object {
              "id": "",
            },
          }
    }
    player={
        Object {
            "video": "video.mp4",
          }
    }
/>,
  Symbol(enzyme.__renderer__): Object {
    "batchedUpdates": [Function],
    "getNode": [Function],
    "render": [Function],
    "simulateEvent": [Function],
    "unmount": [Function],
  },
  Symbol(enzyme.__node__): Object {
    "instance": null,
    "key": undefined,
    "nodeType": "host",
    "props": Object {
      "children": Array [
        <Header
          homePage="/"
/>,
        <div
          className="video-player--container"
>
          <video
                    className="video-player--container__player"
                    controls={true}
                    src="video.mp4"
          >
                    Seu navegador não suporta o elemento 
                    <code>
                              video
                    </code>
                    .
          </video>
</div>,
      ],
    },
    "ref": null,
    "rendered": Array [
      Object {
        "instance": null,
        "key": undefined,
        "nodeType": "function",
        "props": Object {
          "homePage": "/",
        },
        "ref": null,
        "rendered": null,
        "type": [Function],
      },
      Object {
        "instance": null,
        "key": undefined,
        "nodeType": "host",
        "props": Object {
          "children": <video
            className="video-player--container__player"
            controls={true}
            src="video.mp4"
>
            Seu navegador não suporta o elemento 
            <code>
                        video
            </code>
            .
</video>,
          "className": "video-player--container",
        },
        "ref": null,
        "rendered": Object {
          "instance": null,
          "key": undefined,
          "nodeType": "host",
          "props": Object {
            "children": Array [
              "Seu navegador não suporta o elemento ",
              <code>
                video
</code>,
              ".",
            ],
            "className": "video-player--container__player",
            "controls": true,
            "src": "video.mp4",
          },
          "ref": null,
          "rendered": Array [
            "Seu navegador não suporta o elemento ",
            Object {
              "instance": null,
              "key": undefined,
              "nodeType": "host",
              "props": Object {
                "children": "video",
              },
              "ref": null,
              "rendered": "video",
              "type": "code",
            },
            ".",
          ],
          "type": "video",
        },
        "type": "div",
      },
    ],
    "type": "section",
  },
  Symbol(enzyme.__nodes__): Array [
    Object {
      "instance": null,
      "key": undefined,
      "nodeType": "host",
      "props": Object {
        "children": Array [
          <Header
            homePage="/"
/>,
          <div
            className="video-player--container"
>
            <video
                        className="video-player--container__player"
                        controls={true}
                        src="video.mp4"
            >
                        Seu navegador não suporta o elemento 
                        <code>
                                    video
                        </code>
                        .
            </video>
</div>,
        ],
      },
      "ref": null,
      "rendered": Array [
        Object {
          "instance": null,
          "key": undefined,
          "nodeType": "function",
          "props": Object {
            "homePage": "/",
          },
          "ref": null,
          "rendered": null,
          "type": [Function],
        },
        Object {
          "instance": null,
          "key": undefined,
          "nodeType": "host",
          "props": Object {
            "children": <video
              className="video-player--container__player"
              controls={true}
              src="video.mp4"
>
              Seu navegador não suporta o elemento 
              <code>
                            video
              </code>
              .
</video>,
            "className": "video-player--container",
          },
          "ref": null,
          "rendered": Object {
            "instance": null,
            "key": undefined,
            "nodeType": "host",
            "props": Object {
              "children": Array [
                "Seu navegador não suporta o elemento ",
                <code>
                  video
</code>,
                ".",
              ],
              "className": "video-player--container__player",
              "controls": true,
              "src": "video.mp4",
            },
            "ref": null,
            "rendered": Array [
              "Seu navegador não suporta o elemento ",
              Object {
                "instance": null,
                "key": undefined,
                "nodeType": "host",
                "props": Object {
                  "children": "video",
                },
                "ref": null,
                "rendered": "video",
                "type": "code",
              },
              ".",
            ],
            "type": "video",
          },
          "type": "div",
        },
      ],
      "type": "section",
    },
  ],
  Symbol(enzyme.__options__): Object {
    "adapter": ReactSixteenAdapter {
      "options": Object {
        "enableComponentDidUpdateOnSetState": true,
      },
    },
  },
}
`;
